Component: ARM Compiler 5.06 update 6 (build 750) Tool: armlink [4d35ed]

==============================================================================

Section Cross References

    handlecar.o(i.BllGetValueCarOneByte) refers to handlecar.o(.data) for DataMask
    handlecar.o(i.MslCarcmd) refers to handlecar.o(i.MslUartTx) for MslUartTx
    handlecar.o(i.MslGetPM) refers to handlecar.o(.bss) for gsCarStatus
    handlecar.o(i.MslGetaverage_oil_consumption) refers to handlecar.o(.bss) for gsCarStatus
    handlecar.o(i.MslGetbrake_fluid) refers to handlecar.o(i.BllGetValueCarOneByte) for BllGetValueCarOneByte
    handlecar.o(i.MslGetbrake_fluid) refers to handlecar.o(.bss) for gsCarStatus
    handlecar.o(i.MslGetcar_lamp) refers to handlecar.o(i.BllGetValueCarOneByte) for BllGetValueCarOneByte
    handlecar.o(i.MslGetcar_lamp) refers to handlecar.o(.bss) for gsCarStatus
    handlecar.o(i.MslGetcloth_state) refers to handlecar.o(i.BllGetValueCarOneByte) for BllGetValueCarOneByte
    handlecar.o(i.MslGetcloth_state) refers to handlecar.o(.bss) for gsCarStatus
    handlecar.o(i.MslGetcontinuout_mileage) refers to handlecar.o(.bss) for gsCarStatus
    handlecar.o(i.MslGetdriving_door) refers to handlecar.o(i.BllGetValueCarOneByte) for BllGetValueCarOneByte
    handlecar.o(i.MslGetdriving_door) refers to handlecar.o(.bss) for gsCarStatus
    handlecar.o(i.MslGetdriving_lockdoor) refers to handlecar.o(i.BllGetValueCarOneByte) for BllGetValueCarOneByte
    handlecar.o(i.MslGetdriving_lockdoor) refers to handlecar.o(.bss) for gsCarStatus
    handlecar.o(i.MslGetfetaltemperature_fl) refers to handlecar.o(.bss) for gsCarStatus
    handlecar.o(i.MslGetfetaltemperature_fr) refers to handlecar.o(.bss) for gsCarStatus
    handlecar.o(i.MslGetfetaltemperature_rl) refers to handlecar.o(.bss) for gsCarStatus
    handlecar.o(i.MslGetfetaltemperature_rr) refers to handlecar.o(.bss) for gsCarStatus
    handlecar.o(i.MslGetleftback_door) refers to handlecar.o(i.BllGetValueCarOneByte) for BllGetValueCarOneByte
    handlecar.o(i.MslGetleftback_door) refers to handlecar.o(.bss) for gsCarStatus
    handlecar.o(i.MslGetlow_oil) refers to handlecar.o(.bss) for gsCarStatus
    handlecar.o(i.MslGetoil_mass) refers to handlecar.o(.bss) for gsCarStatus
    handlecar.o(i.MslGetpassenger_door) refers to handlecar.o(i.BllGetValueCarOneByte) for BllGetValueCarOneByte
    handlecar.o(i.MslGetpassenger_door) refers to handlecar.o(.bss) for gsCarStatus
    handlecar.o(i.MslGetpassenger_lockdoor) refers to handlecar.o(i.BllGetValueCarOneByte) for BllGetValueCarOneByte
    handlecar.o(i.MslGetpassenger_lockdoor) refers to handlecar.o(.bss) for gsCarStatus
    handlecar.o(i.MslGetpowerState) refers to handlecar.o(i.BllGetValueCarOneByte) for BllGetValueCarOneByte
    handlecar.o(i.MslGetpowerState) refers to handlecar.o(.bss) for gsCarStatus
    handlecar.o(i.MslGetrear_cover) refers to handlecar.o(i.BllGetValueCarOneByte) for BllGetValueCarOneByte
    handlecar.o(i.MslGetrear_cover) refers to handlecar.o(.bss) for gsCarStatus
    handlecar.o(i.MslGetrightback_door) refers to handlecar.o(i.BllGetValueCarOneByte) for BllGetValueCarOneByte
    handlecar.o(i.MslGetrightback_door) refers to handlecar.o(.bss) for gsCarStatus
    handlecar.o(i.MslGetscuttle) refers to handlecar.o(i.BllGetValueCarOneByte) for BllGetValueCarOneByte
    handlecar.o(i.MslGetscuttle) refers to handlecar.o(.bss) for gsCarStatus
    handlecar.o(i.MslGettirepressure_fl) refers to handlecar.o(.bss) for gsCarStatus
    handlecar.o(i.MslGettirepressure_fr) refers to handlecar.o(.bss) for gsCarStatus
    handlecar.o(i.MslGettirepressure_rl) refers to handlecar.o(.bss) for gsCarStatus
    handlecar.o(i.MslGettirepressure_rr) refers to handlecar.o(.bss) for gsCarStatus
    handlecar.o(i.MslGettotalmileage) refers to handlecar.o(.bss) for gsCarStatus
    handlecar.o(i.MslGetvoltage) refers to handlecar.o(i.BllGetValueCarOneByte) for BllGetValueCarOneByte
    handlecar.o(i.MslGetvoltage) refers to handlecar.o(.bss) for gsCarStatus
    handlecar.o(i.MslPeriodTask) refers to handlecar.o(i.MslUartSendState) for MslUartSendState
    handlecar.o(i.MslPeriodTask) refers to handlecar.o(i.MslUartRx) for MslUartRx
    handlecar.o(i.MslPeriodTask) refers to rt_memcpy_v6.o(.text) for __aeabi_memcpy
    handlecar.o(i.MslPeriodTask) refers to handlecar.o(.bss) for gUartRxData
    handlecar.o(i.MslUartSendState) refers to handlecar.o(i.MslUartTx) for MslUartTx
    handlecar.o(i.MslUartSendState) refers to handlecar.o(.bss) for gsCarStatus
    handlecar.o(i.handle_monitor) refers to h1_alloc.o(.text) for malloc
    handlecar.o(i.handle_monitor) refers to rt_memcpy_v6.o(.text) for __aeabi_memcpy
    main.o(i.main) refers to handlecar.o(i.MslCarcmd) for MslCarcmd
    main.o(i.main) refers to handlecar.o(i.MslPeriodTask) for MslPeriodTask
    arm_startup_nrf52.o(STACK) refers (Special) to heapauxi.o(.text) for __use_two_region_memory
    arm_startup_nrf52.o(HEAP) refers (Special) to heapauxi.o(.text) for __use_two_region_memory
    arm_startup_nrf52.o(RESET) refers (Special) to heapauxi.o(.text) for __use_two_region_memory
    arm_startup_nrf52.o(RESET) refers to arm_startup_nrf52.o(STACK) for __initial_sp
    arm_startup_nrf52.o(RESET) refers to arm_startup_nrf52.o(.text) for Reset_Handler
    arm_startup_nrf52.o(.text) refers (Special) to heapauxi.o(.text) for __use_two_region_memory
    arm_startup_nrf52.o(.text) refers to system_nrf52.o(i.SystemInit) for SystemInit
    arm_startup_nrf52.o(.text) refers to __main.o(!!!main) for __main
    arm_startup_nrf52.o(.text) refers to arm_startup_nrf52.o(HEAP) for Heap_Mem
    arm_startup_nrf52.o(.text) refers to arm_startup_nrf52.o(STACK) for Stack_Mem
    system_nrf52.o(i.SystemCoreClockUpdate) refers to system_nrf52.o(.data) for SystemCoreClock
    system_nrf52.o(i.SystemInit) refers to system_nrf52.o(i.errata_12) for errata_12
    system_nrf52.o(i.SystemInit) refers to system_nrf52.o(i.errata_16) for errata_16
    system_nrf52.o(i.SystemInit) refers to system_nrf52.o(i.errata_31) for errata_31
    system_nrf52.o(i.SystemInit) refers to system_nrf52.o(i.errata_32) for errata_32
    system_nrf52.o(i.SystemInit) refers to system_nrf52.o(i.errata_36) for errata_36
    system_nrf52.o(i.SystemInit) refers to system_nrf52.o(i.errata_37) for errata_37
    system_nrf52.o(i.SystemInit) refers to system_nrf52.o(i.errata_57) for errata_57
    system_nrf52.o(i.SystemInit) refers to system_nrf52.o(i.errata_66) for errata_66
    system_nrf52.o(i.SystemInit) refers to system_nrf52.o(i.errata_108) for errata_108
    system_nrf52.o(i.SystemInit) refers to system_nrf52.o(i.errata_136) for errata_136
    system_nrf52.o(i.SystemInit) refers to system_nrf52.o(i.errata_182) for errata_182
    system_nrf52.o(i.SystemInit) refers to system_nrf52.o(i.SystemCoreClockUpdate) for SystemCoreClockUpdate
    malloc.o(.text) refers (Special) to hguard.o(.text) for __heap$guard
    malloc.o(.text) refers (Special) to init_alloc.o(.text) for _init_alloc
    malloc.o(.text) refers to rt_heap_descriptor_intlibspace.o(.text) for __rt_heap_descriptor
    malloc.o(.text) refers to heapstubs.o(.text) for __Heap_Alloc
    h1_alloc.o(.text) refers (Special) to h1_init.o(.text) for __Heap_Initialize
    h1_alloc.o(.text) refers to rt_heap_descriptor_intlibspace.o(.text) for __rt_heap_descriptor
    h1_alloc.o(.text) refers to init_alloc.o(.text) for __Heap_Full
    h1_alloc_mt.o(.text) refers (Special) to h1_init.o(.text) for __Heap_Initialize
    h1_alloc_mt.o(.text) refers to init_alloc.o(.text) for __Heap_Full
    h1_alloc_mt.o(.text) refers to rt_heap_descriptor_intlibspace.o(.text) for __rt_heap_descriptor
    heap2.o(i._FDIterate) refers to heap2.o(.conststring) for .conststring
    heap2.o(i.___Heap_ProvideMemory$realtime) refers to fdtree.o(i._FDTree_Delete) for _FDTree_Delete
    heap2.o(i.___Heap_ProvideMemory$realtime) refers to fdtree.o(i._FDTree_Insert) for _FDTree_Insert
    heap2.o(i.___Heap_Stats$realtime) refers to heap2.o(i._Heap2_StatsIterate) for _Heap2_StatsIterate
    heap2.o(i.___Heap_Valid$realtime) refers to heap2.o(i._FDIterate) for _FDIterate
    heap2.o(i.___Heap_Valid$realtime) refers to heap2.o(.conststring) for .conststring
    heap2.o(i._free$realtime) refers to rt_heap_descriptor_intlibspace.o(.text) for __rt_heap_descriptor
    heap2.o(i._free$realtime) refers to fdtree.o(i._FDTree_Delete) for _FDTree_Delete
    heap2.o(i._free$realtime) refers to fdtree.o(i._FDTree_Insert) for _FDTree_Insert
    heap2.o(i._malloc$realtime) refers to rt_heap_descriptor_intlibspace.o(.text) for __rt_heap_descriptor
    heap2.o(i._malloc$realtime) refers to fdtree.o(i._FDTree_FindFirst) for _FDTree_FindFirst
    heap2.o(i._malloc$realtime) refers to init_alloc.o(.text) for __Heap_Full
    heap2.o(i._malloc$realtime) refers to fdtree.o(i._FDTree_RemoveNode) for _FDTree_RemoveNode
    heap2.o(i._malloc$realtime) refers to fdtree.o(i._FDTree_Insert) for _FDTree_Insert
    heap2.o(i._posix_memalign$realtime) refers to rt_heap_descriptor_intlibspace.o(.text) for __rt_heap_descriptor
    heap2.o(i._posix_memalign$realtime) refers to fdtree.o(i._FDTree_FindFirst) for _FDTree_FindFirst
    heap2.o(i._posix_memalign$realtime) refers to init_alloc.o(.text) for __Heap_Full
    heap2.o(i._posix_memalign$realtime) refers to fdtree.o(i._FDTree_RemoveNode) for _FDTree_RemoveNode
    heap2.o(i._posix_memalign$realtime) refers to fdtree.o(i._FDTree_Insert) for _FDTree_Insert
    heap2.o(i._realloc$realtime) refers to rt_heap_descriptor_intlibspace.o(.text) for __rt_heap_descriptor
    heap2.o(i._realloc$realtime) refers to fdtree.o(i._FDTree_Insert) for _FDTree_Insert
    heap2.o(i._realloc$realtime) refers to h1_free.o(.text) for free
    heap2.o(i._realloc$realtime) refers to h1_alloc.o(.text) for malloc
    heap2.o(i._realloc$realtime) refers to fdtree.o(i._FDTree_Delete) for _FDTree_Delete
    heap2.o(i._realloc$realtime) refers to rt_memcpy_w.o(.text) for __aeabi_memcpy4
    heap2mt.o(i._FDIterate) refers to heap2mt.o(.conststring) for .conststring
    heap2mt.o(i.___Heap_Initialize$realtime$concurrent) refers to mutex_dummy.o(.text) for _mutex_initialize
    heap2mt.o(i.___Heap_ProvideMemory$realtime$concurrent) refers to fdtree.o(i._FDTree_Delete) for _FDTree_Delete
    heap2mt.o(i.___Heap_ProvideMemory$realtime$concurrent) refers to fdtree.o(i._FDTree_Insert) for _FDTree_Insert
    heap2mt.o(i.___Heap_Stats$realtime$concurrent) refers to heap2mt.o(i._Heap2_StatsIterate) for _Heap2_StatsIterate
    heap2mt.o(i.___Heap_Valid$realtime$concurrent) refers to heap2mt.o(i._FDIterate) for _FDIterate
    heap2mt.o(i.___Heap_Valid$realtime$concurrent) refers to heap2mt.o(.conststring) for .conststring
    heap2mt.o(i._free$realtime$concurrent) refers to rt_heap_descriptor_intlibspace.o(.text) for __rt_heap_descriptor
    heap2mt.o(i._free$realtime$concurrent) refers to fdtree.o(i._FDTree_Delete) for _FDTree_Delete
    heap2mt.o(i._free$realtime$concurrent) refers to fdtree.o(i._FDTree_Insert) for _FDTree_Insert
    heap2mt.o(i._malloc$realtime$concurrent) refers to rt_heap_descriptor_intlibspace.o(.text) for __rt_heap_descriptor
    heap2mt.o(i._malloc$realtime$concurrent) refers to fdtree.o(i._FDTree_FindFirst) for _FDTree_FindFirst
    heap2mt.o(i._malloc$realtime$concurrent) refers to init_alloc.o(.text) for __Heap_Full
    heap2mt.o(i._malloc$realtime$concurrent) refers to fdtree.o(i._FDTree_RemoveNode) for _FDTree_RemoveNode
    heap2mt.o(i._malloc$realtime$concurrent) refers to fdtree.o(i._FDTree_Insert) for _FDTree_Insert
    heap2mt.o(i._posix_memalign$realtime$concurrent) refers to rt_heap_descriptor_intlibspace.o(.text) for __rt_heap_descriptor
    heap2mt.o(i._posix_memalign$realtime$concurrent) refers to fdtree.o(i._FDTree_FindFirst) for _FDTree_FindFirst
    heap2mt.o(i._posix_memalign$realtime$concurrent) refers to init_alloc.o(.text) for __Heap_Full
    heap2mt.o(i._posix_memalign$realtime$concurrent) refers to fdtree.o(i._FDTree_RemoveNode) for _FDTree_RemoveNode
    heap2mt.o(i._posix_memalign$realtime$concurrent) refers to fdtree.o(i._FDTree_Insert) for _FDTree_Insert
    heap2mt.o(i._realloc$realtime$concurrent) refers to rt_heap_descriptor_intlibspace.o(.text) for __rt_heap_descriptor
    heap2mt.o(i._realloc$realtime$concurrent) refers to fdtree.o(i._FDTree_Insert) for _FDTree_Insert
    heap2mt.o(i._realloc$realtime$concurrent) refers to h1_free.o(.text) for free
    heap2mt.o(i._realloc$realtime$concurrent) refers to h1_alloc.o(.text) for malloc
    heap2mt.o(i._realloc$realtime$concurrent) refers to fdtree.o(i._FDTree_Delete) for _FDTree_Delete
    heap2mt.o(i._realloc$realtime$concurrent) refers to rt_memcpy_w.o(.text) for __aeabi_memcpy4
    rt_memcpy_v6.o(.text) refers to rt_memcpy_w.o(.text) for __aeabi_memcpy4
    __main.o(!!!main) refers to __rtentry.o(.ARM.Collect$$rtentry$$00000000) for __rt_entry
    __rtentry.o(.ARM.Collect$$rtentry$$00000000) refers (Special) to __rtentry2.o(.ARM.Collect$$rtentry$$0000000A) for __rt_entry_li
    __rtentry.o(.ARM.Collect$$rtentry$$00000000) refers (Special) to __rtentry2.o(.ARM.Collect$$rtentry$$0000000D) for __rt_entry_main
    __rtentry.o(.ARM.Collect$$rtentry$$00000000) refers (Special) to __rtentry2.o(.ARM.Collect$$rtentry$$0000000C) for __rt_entry_postli_1
    __rtentry.o(.ARM.Collect$$rtentry$$00000000) refers (Special) to __rtentry2.o(.ARM.Collect$$rtentry$$00000009) for __rt_entry_postsh_1
    __rtentry.o(.ARM.Collect$$rtentry$$00000000) refers (Special) to __rtentry2.o(.ARM.Collect$$rtentry$$00000002) for __rt_entry_presh_1
    __rtentry.o(.ARM.Collect$$rtentry$$00000000) refers (Special) to __rtentry4.o(.ARM.Collect$$rtentry$$00000004) for __rt_entry_sh
    rt_heap_descriptor.o(.text) refers to rt_heap_descriptor.o(.bss) for __rt_heap_descriptor_data
    rt_heap_descriptor_intlibspace.o(.text) refers to libspace.o(.bss) for __libspace_start
    init_alloc.o(.text) refers (Special) to hguard.o(.text) for __heap$guard
    init_alloc.o(.text) refers (Special) to libinit2.o(.ARM.Collect$$libinit$$00000005) for __rt_lib_init_heap_2
    init_alloc.o(.text) refers (Special) to maybetermalloc1.o(.emb_text) for _maybe_terminate_alloc
    init_alloc.o(.text) refers to h1_extend.o(.text) for __Heap_ProvideMemory
    init_alloc.o(.text) refers to defsig_rtmem_outer.o(.text) for __rt_SIGRTMEM
    init_alloc.o(.text) refers to rt_heap_descriptor_intlibspace.o(.text) for __rt_heap_descriptor
    init_alloc.o(.text) refers to h1_init.o(.text) for __Heap_Initialize
    free.o(.text) refers (Special) to hguard.o(.text) for __heap$guard
    free.o(.text) refers to rt_heap_descriptor_intlibspace.o(.text) for __rt_heap_descriptor
    free.o(.text) refers to heapstubs.o(.text) for __Heap_Free
    h1_free.o(.text) refers to rt_heap_descriptor_intlibspace.o(.text) for __rt_heap_descriptor
    h1_init_mt.o(.text) refers to mutex_dummy.o(.text) for _mutex_initialize
    h1_free_mt.o(.text) refers to rt_heap_descriptor_intlibspace.o(.text) for __rt_heap_descriptor
    _get_argv.o(.text) refers (Special) to hrguard.o(.text) for __heap_region$guard
    _get_argv.o(.text) refers to h1_alloc.o(.text) for malloc
    _get_argv.o(.text) refers to defsig_rtmem_outer.o(.text) for __rt_SIGRTMEM
    _get_argv.o(.text) refers to sys_command.o(.text) for _sys_command_string
    libinit2.o(.ARM.Collect$$libinit$$00000001) refers to fpinit.o(x$fpl$fpinit) for _fp_init
    libinit2.o(.ARM.Collect$$libinit$$00000005) refers (Weak) to init_alloc.o(.text) for _init_alloc
    libinit2.o(.ARM.Collect$$libinit$$00000010) refers to libinit2.o(.ARM.Collect$$libinit$$0000000F) for .ARM.Collect$$libinit$$0000000F
    libinit2.o(.ARM.Collect$$libinit$$00000012) refers to libinit2.o(.ARM.Collect$$libinit$$0000000F) for .ARM.Collect$$libinit$$0000000F
    libinit2.o(.ARM.Collect$$libinit$$00000014) refers to libinit2.o(.ARM.Collect$$libinit$$0000000F) for .ARM.Collect$$libinit$$0000000F
    libinit2.o(.ARM.Collect$$libinit$$00000016) refers to libinit2.o(.ARM.Collect$$libinit$$0000000F) for .ARM.Collect$$libinit$$0000000F
    libinit2.o(.ARM.Collect$$libinit$$00000018) refers to libinit2.o(.ARM.Collect$$libinit$$0000000F) for .ARM.Collect$$libinit$$0000000F
    libinit2.o(.ARM.Collect$$libinit$$00000026) refers to argv_veneer.o(.emb_text) for __ARM_argv_veneer
    libinit2.o(.ARM.Collect$$libinit$$00000027) refers to argv_veneer.o(.emb_text) for __ARM_argv_veneer
    sys_command.o(.text) refers (Special) to use_no_semi.o(.text) for __I$use$semihosting
    sys_command.o(.text) refers (Special) to indicate_semi.o(.text) for __semihosting_library_function
    libspace.o(.text) refers to libspace.o(.bss) for __libspace_start
    __rtentry2.o(.ARM.Collect$$rtentry$$00000008) refers to boardinit2.o(.text) for _platform_post_stackheap_init
    __rtentry2.o(.ARM.Collect$$rtentry$$0000000A) refers to libinit.o(.ARM.Collect$$libinit$$00000000) for __rt_lib_init
    __rtentry2.o(.ARM.Collect$$rtentry$$0000000B) refers to boardinit3.o(.text) for _platform_post_lib_init
    __rtentry2.o(.ARM.Collect$$rtentry$$0000000D) refers to main.o(i.main) for main
    __rtentry2.o(.ARM.Collect$$rtentry$$0000000D) refers to exit.o(.text) for exit
    __rtentry2.o(.ARM.exidx) refers to __rtentry2.o(.ARM.Collect$$rtentry$$00000001) for .ARM.Collect$$rtentry$$00000001
    __rtentry2.o(.ARM.exidx) refers to __rtentry2.o(.ARM.Collect$$rtentry$$00000008) for .ARM.Collect$$rtentry$$00000008
    __rtentry2.o(.ARM.exidx) refers to __rtentry2.o(.ARM.Collect$$rtentry$$0000000A) for .ARM.Collect$$rtentry$$0000000A
    __rtentry2.o(.ARM.exidx) refers to __rtentry2.o(.ARM.Collect$$rtentry$$0000000B) for .ARM.Collect$$rtentry$$0000000B
    __rtentry2.o(.ARM.exidx) refers to __rtentry2.o(.ARM.Collect$$rtentry$$0000000D) for .ARM.Collect$$rtentry$$0000000D
    __rtentry4.o(.ARM.Collect$$rtentry$$00000004) refers to sys_stackheap_outer.o(.text) for __user_setup_stackheap
    __rtentry4.o(.ARM.exidx) refers to __rtentry4.o(.ARM.Collect$$rtentry$$00000004) for .ARM.Collect$$rtentry$$00000004
    maybetermalloc2.o(.emb_text) refers (Special) to term_alloc.o(.text) for _terminate_alloc
    h1_extend.o(.text) refers to h1_free.o(.text) for free
    h1_extend_mt.o(.text) refers to h1_free_mt.o(.text) for _free_internal
    defsig_rtmem_outer.o(.text) refers to defsig_rtmem_inner.o(.text) for __rt_SIGRTMEM_inner
    defsig_rtmem_outer.o(.text) refers to defsig_exit.o(.text) for __sig_exit
    defsig_rtmem_formal.o(.text) refers to rt_raise.o(.text) for __rt_raise
    heapauxa.o(.text) refers to heapauxa.o(.data) for .data
    argv_veneer.o(.emb_text) refers to no_argv.o(.text) for __ARM_get_argv
    sys_stackheap_outer.o(.text) refers to libspace.o(.text) for __user_perproc_libspace
    sys_stackheap_outer.o(.text) refers to arm_startup_nrf52.o(.text) for __user_initial_stackheap
    rt_raise.o(.text) refers to __raise.o(.text) for __raise
    rt_raise.o(.text) refers to sys_exit.o(.text) for _sys_exit
    term_alloc.o(.text) refers (Special) to libshutdown2.o(.ARM.Collect$$libshutdown$$0000000E) for __rt_lib_shutdown_heap_2
    term_alloc.o(.text) refers to rt_heap_descriptor_intlibspace.o(.text) for __rt_heap_descriptor
    term_alloc.o(.text) refers to h1_final.o(.text) for __Heap_Finalize
    exit.o(.text) refers to rtexit.o(.ARM.Collect$$rtexit$$00000000) for __rt_exit
    defsig_exit.o(.text) refers to sys_exit.o(.text) for _sys_exit
    defsig_rtmem_inner.o(.text) refers to defsig_general.o(.text) for __default_signal_display
    _get_argv_nomalloc.o(.text) refers (Special) to hrguard.o(.text) for __heap_region$guard
    _get_argv_nomalloc.o(.text) refers to defsig_rtmem_outer.o(.text) for __rt_SIGRTMEM
    _get_argv_nomalloc.o(.text) refers to sys_command.o(.text) for _sys_command_string
    libinit.o(.ARM.Collect$$libinit$$00000000) refers (Special) to libinit2.o(.ARM.Collect$$libinit$$0000002E) for __rt_lib_init_alloca_1
    libinit.o(.ARM.Collect$$libinit$$00000000) refers (Special) to libinit2.o(.ARM.Collect$$libinit$$0000002C) for __rt_lib_init_argv_1
    libinit.o(.ARM.Collect$$libinit$$00000000) refers (Special) to libinit2.o(.ARM.Collect$$libinit$$0000001B) for __rt_lib_init_atexit_1
    libinit.o(.ARM.Collect$$libinit$$00000000) refers (Special) to libinit2.o(.ARM.Collect$$libinit$$00000021) for __rt_lib_init_clock_1
    libinit.o(.ARM.Collect$$libinit$$00000000) refers (Special) to libinit2.o(.ARM.Collect$$libinit$$00000032) for __rt_lib_init_cpp_1
    libinit.o(.ARM.Collect$$libinit$$00000000) refers (Special) to libinit2.o(.ARM.Collect$$libinit$$00000030) for __rt_lib_init_exceptions_1
    libinit.o(.ARM.Collect$$libinit$$00000000) refers (Special) to libinit2.o(.ARM.Collect$$libinit$$00000001) for __rt_lib_init_fp_1
    libinit.o(.ARM.Collect$$libinit$$00000000) refers (Special) to libinit2.o(.ARM.Collect$$libinit$$0000001F) for __rt_lib_init_fp_trap_1
    libinit.o(.ARM.Collect$$libinit$$00000000) refers (Special) to libinit2.o(.ARM.Collect$$libinit$$00000023) for __rt_lib_init_getenv_1
    libinit.o(.ARM.Collect$$libinit$$00000000) refers (Special) to libinit2.o(.ARM.Collect$$libinit$$0000000A) for __rt_lib_init_heap_1
    libinit.o(.ARM.Collect$$libinit$$00000000) refers (Special) to libinit2.o(.ARM.Collect$$libinit$$00000011) for __rt_lib_init_lc_collate_1
    libinit.o(.ARM.Collect$$libinit$$00000000) refers (Special) to libinit2.o(.ARM.Collect$$libinit$$00000013) for __rt_lib_init_lc_ctype_1
    libinit.o(.ARM.Collect$$libinit$$00000000) refers (Special) to libinit2.o(.ARM.Collect$$libinit$$00000015) for __rt_lib_init_lc_monetary_1
    libinit.o(.ARM.Collect$$libinit$$00000000) refers (Special) to libinit2.o(.ARM.Collect$$libinit$$00000017) for __rt_lib_init_lc_numeric_1
    libinit.o(.ARM.Collect$$libinit$$00000000) refers (Special) to libinit2.o(.ARM.Collect$$libinit$$00000019) for __rt_lib_init_lc_time_1
    libinit.o(.ARM.Collect$$libinit$$00000000) refers (Special) to libinit2.o(.ARM.Collect$$libinit$$00000004) for __rt_lib_init_preinit_1
    libinit.o(.ARM.Collect$$libinit$$00000000) refers (Special) to libinit2.o(.ARM.Collect$$libinit$$0000000E) for __rt_lib_init_rand_1
    libinit.o(.ARM.Collect$$libinit$$00000000) refers (Special) to libinit2.o(.ARM.Collect$$libinit$$00000033) for __rt_lib_init_return
    libinit.o(.ARM.Collect$$libinit$$00000000) refers (Special) to libinit2.o(.ARM.Collect$$libinit$$0000001D) for __rt_lib_init_signal_1
    libinit.o(.ARM.Collect$$libinit$$00000000) refers (Special) to libinit2.o(.ARM.Collect$$libinit$$00000025) for __rt_lib_init_stdio_1
    libinit.o(.ARM.Collect$$libinit$$00000000) refers (Special) to libinit2.o(.ARM.Collect$$libinit$$0000000C) for __rt_lib_init_user_alloc_1
    sys_exit.o(.text) refers (Special) to use_no_semi.o(.text) for __I$use$semihosting
    sys_exit.o(.text) refers (Special) to indicate_semi.o(.text) for __semihosting_library_function
    rtexit.o(.ARM.Collect$$rtexit$$00000000) refers (Special) to rtexit2.o(.ARM.Collect$$rtexit$$00000004) for __rt_exit_exit
    rtexit.o(.ARM.Collect$$rtexit$$00000000) refers (Special) to rtexit2.o(.ARM.Collect$$rtexit$$00000003) for __rt_exit_ls
    rtexit.o(.ARM.Collect$$rtexit$$00000000) refers (Special) to rtexit2.o(.ARM.Collect$$rtexit$$00000002) for __rt_exit_prels_1
    rtexit.o(.ARM.exidx) refers (Special) to rtexit2.o(.ARM.Collect$$rtexit$$00000004) for __rt_exit_exit
    rtexit.o(.ARM.exidx) refers (Special) to rtexit2.o(.ARM.Collect$$rtexit$$00000003) for __rt_exit_ls
    rtexit.o(.ARM.exidx) refers (Special) to rtexit2.o(.ARM.Collect$$rtexit$$00000002) for __rt_exit_prels_1
    rtexit.o(.ARM.exidx) refers to rtexit.o(.ARM.Collect$$rtexit$$00000000) for .ARM.Collect$$rtexit$$00000000
    __raise.o(.text) refers to defsig.o(CL$$defsig) for __default_signal_handler
    defsig_general.o(.text) refers to sys_wrch.o(.text) for _ttywrch
    libshutdown2.o(.ARM.Collect$$libshutdown$$0000000D) refers (Weak) to term_alloc.o(.text) for _terminate_alloc
    sys_wrch.o(.text) refers (Special) to use_no_semi.o(.text) for __I$use$semihosting
    sys_wrch.o(.text) refers (Special) to indicate_semi.o(.text) for __semihosting_library_function
    rtexit2.o(.ARM.Collect$$rtexit$$00000003) refers to libshutdown.o(.ARM.Collect$$libshutdown$$00000000) for __rt_lib_shutdown
    rtexit2.o(.ARM.Collect$$rtexit$$00000004) refers to sys_exit.o(.text) for _sys_exit
    rtexit2.o(.ARM.exidx) refers to rtexit2.o(.ARM.Collect$$rtexit$$00000001) for .ARM.Collect$$rtexit$$00000001
    rtexit2.o(.ARM.exidx) refers to rtexit2.o(.ARM.Collect$$rtexit$$00000003) for .ARM.Collect$$rtexit$$00000003
    rtexit2.o(.ARM.exidx) refers to rtexit2.o(.ARM.Collect$$rtexit$$00000004) for .ARM.Collect$$rtexit$$00000004
    defsig.o(CL$$defsig) refers to defsig_rtmem_inner.o(.text) for __rt_SIGRTMEM_inner
    defsig_abrt_inner.o(.text) refers to defsig_general.o(.text) for __default_signal_display
    defsig_fpe_inner.o(.text) refers to defsig_general.o(.text) for __default_signal_display
    defsig_rtred_inner.o(.text) refers to defsig_general.o(.text) for __default_signal_display
    defsig_stak_inner.o(.text) refers to defsig_general.o(.text) for __default_signal_display
    defsig_pvfn_inner.o(.text) refers to defsig_general.o(.text) for __default_signal_display
    defsig_cppl_inner.o(.text) refers to defsig_general.o(.text) for __default_signal_display
    defsig_segv_inner.o(.text) refers to defsig_general.o(.text) for __default_signal_display
    defsig_other.o(.text) refers to defsig_general.o(.text) for __default_signal_display
    libshutdown.o(.ARM.Collect$$libshutdown$$00000000) refers (Special) to libshutdown2.o(.ARM.Collect$$libshutdown$$00000002) for __rt_lib_shutdown_cpp_1
    libshutdown.o(.ARM.Collect$$libshutdown$$00000000) refers (Special) to libshutdown2.o(.ARM.Collect$$libshutdown$$00000007) for __rt_lib_shutdown_fp_trap_1
    libshutdown.o(.ARM.Collect$$libshutdown$$00000000) refers (Special) to libshutdown2.o(.ARM.Collect$$libshutdown$$0000000F) for __rt_lib_shutdown_heap_1
    libshutdown.o(.ARM.Collect$$libshutdown$$00000000) refers (Special) to libshutdown2.o(.ARM.Collect$$libshutdown$$00000010) for __rt_lib_shutdown_return
    libshutdown.o(.ARM.Collect$$libshutdown$$00000000) refers (Special) to libshutdown2.o(.ARM.Collect$$libshutdown$$0000000A) for __rt_lib_shutdown_signal_1
    libshutdown.o(.ARM.Collect$$libshutdown$$00000000) refers (Special) to libshutdown2.o(.ARM.Collect$$libshutdown$$00000004) for __rt_lib_shutdown_stdio_1
    libshutdown.o(.ARM.Collect$$libshutdown$$00000000) refers (Special) to libshutdown2.o(.ARM.Collect$$libshutdown$$0000000C) for __rt_lib_shutdown_user_alloc_1


==============================================================================

Removing Unused input sections from the image.

    Removing handlecar.o(i.BllGetValueCarOneByte), (24 bytes).
    Removing handlecar.o(i.CardcmdResponse), (46 bytes).
    Removing handlecar.o(i.MslGetPM), (16 bytes).
    Removing handlecar.o(i.MslGetaverage_oil_consumption), (12 bytes).
    Removing handlecar.o(i.MslGetbrake_fluid), (36 bytes).
    Removing handlecar.o(i.MslGetcar_lamp), (36 bytes).
    Removing handlecar.o(i.MslGetcloth_state), (36 bytes).
    Removing handlecar.o(i.MslGetcontinuout_mileage), (12 bytes).
    Removing handlecar.o(i.MslGetdriving_door), (36 bytes).
    Removing handlecar.o(i.MslGetdriving_lockdoor), (36 bytes).
    Removing handlecar.o(i.MslGetfetaltemperature_fl), (12 bytes).
    Removing handlecar.o(i.MslGetfetaltemperature_fr), (12 bytes).
    Removing handlecar.o(i.MslGetfetaltemperature_rl), (12 bytes).
    Removing handlecar.o(i.MslGetfetaltemperature_rr), (12 bytes).
    Removing handlecar.o(i.MslGetleftback_door), (36 bytes).
    Removing handlecar.o(i.MslGetlow_oil), (12 bytes).
    Removing handlecar.o(i.MslGetoil_mass), (12 bytes).
    Removing handlecar.o(i.MslGetpassenger_door), (36 bytes).
    Removing handlecar.o(i.MslGetpassenger_lockdoor), (36 bytes).
    Removing handlecar.o(i.MslGetpowerState), (36 bytes).
    Removing handlecar.o(i.MslGetrear_cover), (36 bytes).
    Removing handlecar.o(i.MslGetrightback_door), (36 bytes).
    Removing handlecar.o(i.MslGetscuttle), (36 bytes).
    Removing handlecar.o(i.MslGettirepressure_fl), (12 bytes).
    Removing handlecar.o(i.MslGettirepressure_fr), (12 bytes).
    Removing handlecar.o(i.MslGettirepressure_rl), (12 bytes).
    Removing handlecar.o(i.MslGettirepressure_rr), (12 bytes).
    Removing handlecar.o(i.MslGettotalmileage), (12 bytes).
    Removing handlecar.o(i.MslGetvoltage), (28 bytes).
    Removing handlecar.o(i.handle_monitor), (134 bytes).
    Removing handlecar.o(.data), (9 bytes).
    Removing system_nrf52.o(.rev16_text), (4 bytes).
    Removing system_nrf52.o(.revsh_text), (4 bytes).
    Removing system_nrf52.o(.rrx_text), (6 bytes).

34 unused section(s) (total 859 bytes) removed from the image.

==============================================================================

Image Symbol Table

    Local Symbols

    Symbol Name                              Value     Ov Type        Size  Object(Section)

    RESET                                    0x00000000   Section      512  arm_startup_nrf52.o(RESET)
    ../clib/angel/boardlib.s                 0x00000000   Number         0  boardshut.o ABSOLUTE
    ../clib/angel/boardlib.s                 0x00000000   Number         0  boardinit2.o ABSOLUTE
    ../clib/angel/boardlib.s                 0x00000000   Number         0  boardinit3.o ABSOLUTE
    ../clib/angel/boardlib.s                 0x00000000   Number         0  boardinit1.o ABSOLUTE
    ../clib/angel/handlers.s                 0x00000000   Number         0  __scatter_zi.o ABSOLUTE
    ../clib/angel/handlers.s                 0x00000000   Number         0  __scatter_copy.o ABSOLUTE
    ../clib/angel/kernel.s                   0x00000000   Number         0  rtexit2.o ABSOLUTE
    ../clib/angel/kernel.s                   0x00000000   Number         0  __rtentry2.o ABSOLUTE
    ../clib/angel/kernel.s                   0x00000000   Number         0  __rtentry4.o ABSOLUTE
    ../clib/angel/kernel.s                   0x00000000   Number         0  __rtentry.o ABSOLUTE
    ../clib/angel/kernel.s                   0x00000000   Number         0  rtexit.o ABSOLUTE
    ../clib/angel/rt.s                       0x00000000   Number         0  rt_heap_descriptor.o ABSOLUTE
    ../clib/angel/rt.s                       0x00000000   Number         0  rt_heap_descriptor_intlibspace.o ABSOLUTE
    ../clib/angel/rt.s                       0x00000000   Number         0  rt_raise.o ABSOLUTE
    ../clib/angel/scatter.s                  0x00000000   Number         0  __scatter.o ABSOLUTE
    ../clib/angel/startup.s                  0x00000000   Number         0  __main.o ABSOLUTE
    ../clib/angel/sys.s                      0x00000000   Number         0  mutex_dummy.o ABSOLUTE
    ../clib/angel/sys.s                      0x00000000   Number         0  libspace.o ABSOLUTE
    ../clib/angel/sys.s                      0x00000000   Number         0  sys_stackheap_outer.o ABSOLUTE
    ../clib/angel/sys.s                      0x00000000   Number         0  indicate_semi.o ABSOLUTE
    ../clib/angel/sys.s                      0x00000000   Number         0  use_no_semi.o ABSOLUTE
    ../clib/angel/sysapp.c                   0x00000000   Number         0  sys_exit.o ABSOLUTE
    ../clib/angel/sysapp.c                   0x00000000   Number         0  sys_command.o ABSOLUTE
    ../clib/angel/sysapp.c                   0x00000000   Number         0  sys_wrch.o ABSOLUTE
    ../clib/armsys.c                         0x00000000   Number         0  argv_veneer.o ABSOLUTE
    ../clib/armsys.c                         0x00000000   Number         0  _get_argv.o ABSOLUTE
    ../clib/armsys.c                         0x00000000   Number         0  _get_argv_nomalloc.o ABSOLUTE
    ../clib/armsys.c                         0x00000000   Number         0  no_argv.o ABSOLUTE
    ../clib/armsys.c                         0x00000000   Number         0  argv_veneer.o ABSOLUTE
    ../clib/heap1.c                          0x00000000   Number         0  h1_alloc_mt.o ABSOLUTE
    ../clib/heap1.c                          0x00000000   Number         0  h1_final.o ABSOLUTE
    ../clib/heap1.c                          0x00000000   Number         0  h1_final_mt.o ABSOLUTE
    ../clib/heap1.c                          0x00000000   Number         0  h1_extend.o ABSOLUTE
    ../clib/heap1.c                          0x00000000   Number         0  h1_extend_mt.o ABSOLUTE
    ../clib/heap1.c                          0x00000000   Number         0  h1_alloc.o ABSOLUTE
    ../clib/heap1.c                          0x00000000   Number         0  h1_init.o ABSOLUTE
    ../clib/heap1.c                          0x00000000   Number         0  h1_free.o ABSOLUTE
    ../clib/heap1.c                          0x00000000   Number         0  h1_init_mt.o ABSOLUTE
    ../clib/heap1.c                          0x00000000   Number         0  h1_free_mt.o ABSOLUTE
    ../clib/heap2.c                          0x00000000   Number         0  fdtree.o ABSOLUTE
    ../clib/heap2.c                          0x00000000   Number         0  heap2.o ABSOLUTE
    ../clib/heap2.c                          0x00000000   Number         0  heap2mt.o ABSOLUTE
    ../clib/heapalloc.c                      0x00000000   Number         0  hguard.o ABSOLUTE
    ../clib/heapalloc.c                      0x00000000   Number         0  init_alloc.o ABSOLUTE
    ../clib/heapalloc.c                      0x00000000   Number         0  free.o ABSOLUTE
    ../clib/heapalloc.c                      0x00000000   Number         0  heapstubs.o ABSOLUTE
    ../clib/heapalloc.c                      0x00000000   Number         0  maybetermalloc2.o ABSOLUTE
    ../clib/heapalloc.c                      0x00000000   Number         0  hrguard.o ABSOLUTE
    ../clib/heapalloc.c                      0x00000000   Number         0  maybetermalloc1.o ABSOLUTE
    ../clib/heapalloc.c                      0x00000000   Number         0  maybetermalloc1.o ABSOLUTE
    ../clib/heapalloc.c                      0x00000000   Number         0  maybetermalloc2.o ABSOLUTE
    ../clib/heapalloc.c                      0x00000000   Number         0  term_alloc.o ABSOLUTE
    ../clib/heapalloc.c                      0x00000000   Number         0  malloc.o ABSOLUTE
    ../clib/heapaux.c                        0x00000000   Number         0  heapauxa.o ABSOLUTE
    ../clib/heapaux.c                        0x00000000   Number         0  heapauxi.o ABSOLUTE
    ../clib/libinit.s                        0x00000000   Number         0  libshutdown.o ABSOLUTE
    ../clib/libinit.s                        0x00000000   Number         0  libshutdown2.o ABSOLUTE
    ../clib/libinit.s                        0x00000000   Number         0  libinit.o ABSOLUTE
    ../clib/libinit.s                        0x00000000   Number         0  libinit2.o ABSOLUTE
    ../clib/memcpset.s                       0x00000000   Number         0  rt_memcpy_w.o ABSOLUTE
    ../clib/memcpset.s                       0x00000000   Number         0  rt_memcpy_v6.o ABSOLUTE
    ../clib/signal.c                         0x00000000   Number         0  defsig_rtmem_outer.o ABSOLUTE
    ../clib/signal.c                         0x00000000   Number         0  defsig_rtmem_formal.o ABSOLUTE
    ../clib/signal.c                         0x00000000   Number         0  defsig_exit.o ABSOLUTE
    ../clib/signal.c                         0x00000000   Number         0  defsig_abrt_inner.o ABSOLUTE
    ../clib/signal.c                         0x00000000   Number         0  defsig_rtmem_inner.o ABSOLUTE
    ../clib/signal.c                         0x00000000   Number         0  __raise.o ABSOLUTE
    ../clib/signal.c                         0x00000000   Number         0  defsig_general.o ABSOLUTE
    ../clib/signal.c                         0x00000000   Number         0  defsig_fpe_inner.o ABSOLUTE
    ../clib/signal.c                         0x00000000   Number         0  defsig_rtred_inner.o ABSOLUTE
    ../clib/signal.c                         0x00000000   Number         0  defsig_stak_inner.o ABSOLUTE
    ../clib/signal.c                         0x00000000   Number         0  defsig_pvfn_inner.o ABSOLUTE
    ../clib/signal.c                         0x00000000   Number         0  defsig_cppl_inner.o ABSOLUTE
    ../clib/signal.c                         0x00000000   Number         0  defsig_segv_inner.o ABSOLUTE
    ../clib/signal.c                         0x00000000   Number         0  defsig_other.o ABSOLUTE
    ../clib/signal.s                         0x00000000   Number         0  defsig.o ABSOLUTE
    ../clib/stdlib.c                         0x00000000   Number         0  exit.o ABSOLUTE
    ../fplib/fpinit.s                        0x00000000   Number         0  fpinit.o ABSOLUTE
    RTE\Device\nRF52832_xxAA\arm_startup_nrf52.s 0x00000000   Number         0  arm_startup_nrf52.o ABSOLUTE
    RTE\Device\nRF52832_xxAA\system_nrf52.c  0x00000000   Number         0  system_nrf52.o ABSOLUTE
    RTE\\Device\\nRF52832_xxAA\\system_nrf52.c 0x00000000   Number         0  system_nrf52.o ABSOLUTE
    dc.s                                     0x00000000   Number         0  dc.o ABSOLUTE
    source\handlecar.c                       0x00000000   Number         0  handlecar.o ABSOLUTE
    source\main.c                            0x00000000   Number         0  main.o ABSOLUTE
    !!!main                                  0x00000200   Section        8  __main.o(!!!main)
    !!!scatter                               0x00000208   Section       52  __scatter.o(!!!scatter)
    !!handler_copy                           0x0000023c   Section       26  __scatter_copy.o(!!handler_copy)
    !!handler_zi                             0x00000258   Section       28  __scatter_zi.o(!!handler_zi)
    .ARM.Collect$$libinit$$00000000          0x00000274   Section        2  libinit.o(.ARM.Collect$$libinit$$00000000)
    .ARM.Collect$$libinit$$00000001          0x00000276   Section        4  libinit2.o(.ARM.Collect$$libinit$$00000001)
    .ARM.Collect$$libinit$$00000004          0x0000027a   Section        0  libinit2.o(.ARM.Collect$$libinit$$00000004)
    .ARM.Collect$$libinit$$0000000A          0x0000027a   Section        0  libinit2.o(.ARM.Collect$$libinit$$0000000A)
    .ARM.Collect$$libinit$$0000000C          0x0000027a   Section        0  libinit2.o(.ARM.Collect$$libinit$$0000000C)
    .ARM.Collect$$libinit$$0000000E          0x0000027a   Section        0  libinit2.o(.ARM.Collect$$libinit$$0000000E)
    .ARM.Collect$$libinit$$00000011          0x0000027a   Section        0  libinit2.o(.ARM.Collect$$libinit$$00000011)
    .ARM.Collect$$libinit$$00000013          0x0000027a   Section        0  libinit2.o(.ARM.Collect$$libinit$$00000013)
    .ARM.Collect$$libinit$$00000015          0x0000027a   Section        0  libinit2.o(.ARM.Collect$$libinit$$00000015)
    .ARM.Collect$$libinit$$00000017          0x0000027a   Section        0  libinit2.o(.ARM.Collect$$libinit$$00000017)
    .ARM.Collect$$libinit$$00000019          0x0000027a   Section        0  libinit2.o(.ARM.Collect$$libinit$$00000019)
    .ARM.Collect$$libinit$$0000001B          0x0000027a   Section        0  libinit2.o(.ARM.Collect$$libinit$$0000001B)
    .ARM.Collect$$libinit$$0000001D          0x0000027a   Section        0  libinit2.o(.ARM.Collect$$libinit$$0000001D)
    .ARM.Collect$$libinit$$0000001F          0x0000027a   Section        0  libinit2.o(.ARM.Collect$$libinit$$0000001F)
    .ARM.Collect$$libinit$$00000021          0x0000027a   Section        0  libinit2.o(.ARM.Collect$$libinit$$00000021)
    .ARM.Collect$$libinit$$00000023          0x0000027a   Section        0  libinit2.o(.ARM.Collect$$libinit$$00000023)
    .ARM.Collect$$libinit$$00000025          0x0000027a   Section        0  libinit2.o(.ARM.Collect$$libinit$$00000025)
    .ARM.Collect$$libinit$$0000002C          0x0000027a   Section        0  libinit2.o(.ARM.Collect$$libinit$$0000002C)
    .ARM.Collect$$libinit$$0000002E          0x0000027a   Section        0  libinit2.o(.ARM.Collect$$libinit$$0000002E)
    .ARM.Collect$$libinit$$00000030          0x0000027a   Section        0  libinit2.o(.ARM.Collect$$libinit$$00000030)
    .ARM.Collect$$libinit$$00000032          0x0000027a   Section        0  libinit2.o(.ARM.Collect$$libinit$$00000032)
    .ARM.Collect$$libinit$$00000033          0x0000027a   Section        2  libinit2.o(.ARM.Collect$$libinit$$00000033)
    .ARM.Collect$$libshutdown$$00000000      0x0000027c   Section        2  libshutdown.o(.ARM.Collect$$libshutdown$$00000000)
    .ARM.Collect$$libshutdown$$00000002      0x0000027e   Section        0  libshutdown2.o(.ARM.Collect$$libshutdown$$00000002)
    .ARM.Collect$$libshutdown$$00000004      0x0000027e   Section        0  libshutdown2.o(.ARM.Collect$$libshutdown$$00000004)
    .ARM.Collect$$libshutdown$$00000007      0x0000027e   Section        0  libshutdown2.o(.ARM.Collect$$libshutdown$$00000007)
    .ARM.Collect$$libshutdown$$0000000A      0x0000027e   Section        0  libshutdown2.o(.ARM.Collect$$libshutdown$$0000000A)
    .ARM.Collect$$libshutdown$$0000000C      0x0000027e   Section        0  libshutdown2.o(.ARM.Collect$$libshutdown$$0000000C)
    .ARM.Collect$$libshutdown$$0000000F      0x0000027e   Section        0  libshutdown2.o(.ARM.Collect$$libshutdown$$0000000F)
    .ARM.Collect$$libshutdown$$00000010      0x0000027e   Section        2  libshutdown2.o(.ARM.Collect$$libshutdown$$00000010)
    .ARM.Collect$$rtentry$$00000000          0x00000280   Section        0  __rtentry.o(.ARM.Collect$$rtentry$$00000000)
    .ARM.Collect$$rtentry$$00000002          0x00000280   Section        0  __rtentry2.o(.ARM.Collect$$rtentry$$00000002)
    .ARM.Collect$$rtentry$$00000004          0x00000280   Section        6  __rtentry4.o(.ARM.Collect$$rtentry$$00000004)
    .ARM.Collect$$rtentry$$00000009          0x00000286   Section        0  __rtentry2.o(.ARM.Collect$$rtentry$$00000009)
    .ARM.Collect$$rtentry$$0000000A          0x00000286   Section        4  __rtentry2.o(.ARM.Collect$$rtentry$$0000000A)
    .ARM.Collect$$rtentry$$0000000C          0x0000028a   Section        0  __rtentry2.o(.ARM.Collect$$rtentry$$0000000C)
    .ARM.Collect$$rtentry$$0000000D          0x0000028a   Section        8  __rtentry2.o(.ARM.Collect$$rtentry$$0000000D)
    .ARM.Collect$$rtexit$$00000000           0x00000292   Section        2  rtexit.o(.ARM.Collect$$rtexit$$00000000)
    .ARM.Collect$$rtexit$$00000002           0x00000294   Section        0  rtexit2.o(.ARM.Collect$$rtexit$$00000002)
    .ARM.Collect$$rtexit$$00000003           0x00000294   Section        4  rtexit2.o(.ARM.Collect$$rtexit$$00000003)
    .ARM.Collect$$rtexit$$00000004           0x00000298   Section        6  rtexit2.o(.ARM.Collect$$rtexit$$00000004)
    .text                                    0x000002a0   Section       64  arm_startup_nrf52.o(.text)
    $v0                                      0x000002a0   Number         0  arm_startup_nrf52.o(.text)
    .text                                    0x000002e0   Section      138  rt_memcpy_v6.o(.text)
    .text                                    0x0000036a   Section        0  heapauxi.o(.text)
    .text                                    0x00000370   Section      100  rt_memcpy_w.o(.text)
    .text                                    0x000003d4   Section        8  libspace.o(.text)
    .text                                    0x000003dc   Section        2  use_no_semi.o(.text)
    .text                                    0x000003de   Section       74  sys_stackheap_outer.o(.text)
    .text                                    0x000003de   Section        0  indicate_semi.o(.text)
    .text                                    0x00000428   Section        0  exit.o(.text)
    .text                                    0x0000043c   Section        0  sys_exit.o(.text)
    i.MslCarcmd                              0x00000448   Section        0  handlecar.o(i.MslCarcmd)
    i.MslPeriodTask                          0x00000480   Section        0  handlecar.o(i.MslPeriodTask)
    i.MslUartRx                              0x000004e4   Section        0  handlecar.o(i.MslUartRx)
    i.MslUartSendState                       0x000004ec   Section        0  handlecar.o(i.MslUartSendState)
    i.MslUartTx                              0x000004fc   Section        0  handlecar.o(i.MslUartTx)
    i.SystemCoreClockUpdate                  0x00000500   Section        0  system_nrf52.o(i.SystemCoreClockUpdate)
    i.SystemInit                             0x00000510   Section        0  system_nrf52.o(i.SystemInit)
    i.errata_108                             0x000006fc   Section        0  system_nrf52.o(i.errata_108)
    errata_108                               0x000006fd   Thumb Code    78  system_nrf52.o(i.errata_108)
    i.errata_12                              0x00000750   Section        0  system_nrf52.o(i.errata_12)
    errata_12                                0x00000751   Thumb Code    78  system_nrf52.o(i.errata_12)
    i.errata_136                             0x000007a4   Section        0  system_nrf52.o(i.errata_136)
    errata_136                               0x000007a5   Thumb Code    78  system_nrf52.o(i.errata_136)
    i.errata_16                              0x000007f8   Section        0  system_nrf52.o(i.errata_16)
    errata_16                                0x000007f9   Thumb Code    42  system_nrf52.o(i.errata_16)
    i.errata_182                             0x00000828   Section        0  system_nrf52.o(i.errata_182)
    errata_182                               0x00000829   Thumb Code    26  system_nrf52.o(i.errata_182)
    i.errata_31                              0x00000848   Section        0  system_nrf52.o(i.errata_31)
    errata_31                                0x00000849   Thumb Code    78  system_nrf52.o(i.errata_31)
    i.errata_32                              0x0000089c   Section        0  system_nrf52.o(i.errata_32)
    errata_32                                0x0000089d   Thumb Code    42  system_nrf52.o(i.errata_32)
    i.errata_36                              0x000008cc   Section        0  system_nrf52.o(i.errata_36)
    errata_36                                0x000008cd   Thumb Code    78  system_nrf52.o(i.errata_36)
    i.errata_37                              0x00000920   Section        0  system_nrf52.o(i.errata_37)
    errata_37                                0x00000921   Thumb Code    42  system_nrf52.o(i.errata_37)
    i.errata_57                              0x00000950   Section        0  system_nrf52.o(i.errata_57)
    errata_57                                0x00000951   Thumb Code    42  system_nrf52.o(i.errata_57)
    i.errata_66                              0x00000980   Section        0  system_nrf52.o(i.errata_66)
    errata_66                                0x00000981   Thumb Code    42  system_nrf52.o(i.errata_66)
    i.main                                   0x000009b0   Section        0  main.o(i.main)
    x$fpl$fpinit                             0x000009c0   Section       10  fpinit.o(x$fpl$fpinit)
    $v0                                      0x000009c0   Number         0  fpinit.o(x$fpl$fpinit)
    .data                                    0x20000000   Section        4  system_nrf52.o(.data)
    __tagsym$$used                           0x20000000   Number         0  system_nrf52.o(.data)
    .bss                                     0x20000004   Section      660  handlecar.o(.bss)
    .bss                                     0x20000298   Section       96  libspace.o(.bss)
    HEAP                                     0x200002f8   Section     8192  arm_startup_nrf52.o(HEAP)
    Heap_Mem                                 0x200002f8   Data        8192  arm_startup_nrf52.o(HEAP)
    STACK                                    0x200022f8   Section     8192  arm_startup_nrf52.o(STACK)
    Stack_Mem                                0x200022f8   Data        8192  arm_startup_nrf52.o(STACK)
    __initial_sp                             0x200042f8   Data           0  arm_startup_nrf52.o(STACK)

    Global Symbols

    Symbol Name                              Value     Ov Type        Size  Object(Section)

    BuildAttributes$$THM_ISAv4$E$P$D$K$B$S$7EM$VFPi3$EXTD16$VFPS$VFMA$PE$A:L22UL41UL21$X:L11$S22US41US21$IEEE1$IW$USESV6$~STKCKD$USESV7$~SHL$OTIME$ROPI$EBA8$UX$STANDARDLIB$REQ8$PRES8$EABIv2 0x00000000   Number         0  anon$$obj.o ABSOLUTE
    __ARM_use_no_argv                        0x00000000   Number         0  main.o ABSOLUTE
    __Vectors                                0x00000000   Data           4  arm_startup_nrf52.o(RESET)
    __ARM_exceptions_init                     - Undefined Weak Reference
    __alloca_initialize                       - Undefined Weak Reference
    __arm_preinit_                            - Undefined Weak Reference
    __cpp_initialize__aeabi_                  - Undefined Weak Reference
    __cxa_finalize                            - Undefined Weak Reference
    __rt_locale                               - Undefined Weak Reference
    __sigvec_lookup                           - Undefined Weak Reference
    __user_heap_extent                        - Undefined Weak Reference
    _atexit_init                              - Undefined Weak Reference
    _call_atexit_fns                          - Undefined Weak Reference
    _clock_init                               - Undefined Weak Reference
    _fp_trap_init                             - Undefined Weak Reference
    _fp_trap_shutdown                         - Undefined Weak Reference
    _get_lc_collate                           - Undefined Weak Reference
    _get_lc_ctype                             - Undefined Weak Reference
    _get_lc_monetary                          - Undefined Weak Reference
    _get_lc_numeric                           - Undefined Weak Reference
    _get_lc_time                              - Undefined Weak Reference
    _getenv_init                              - Undefined Weak Reference
    _handle_redirection                       - Undefined Weak Reference
    _initio                                   - Undefined Weak Reference
    _mutex_acquire                            - Undefined Weak Reference
    _mutex_free                               - Undefined Weak Reference
    _mutex_release                            - Undefined Weak Reference
    _rand_init                                - Undefined Weak Reference
    _signal_finish                            - Undefined Weak Reference
    _signal_init                              - Undefined Weak Reference
    _terminateio                              - Undefined Weak Reference
    __Vectors_End                            0x00000200   Data           0  arm_startup_nrf52.o(RESET)
    __Vectors_Size                           0x00000200   Number         0  arm_startup_nrf52.o ABSOLUTE
    __main                                   0x00000201   Thumb Code     8  __main.o(!!!main)
    __scatterload                            0x00000209   Thumb Code     0  __scatter.o(!!!scatter)
    __scatterload_rt2                        0x00000209   Thumb Code    44  __scatter.o(!!!scatter)
    __scatterload_rt2_thumb_only             0x00000209   Thumb Code     0  __scatter.o(!!!scatter)
    __scatterload_null                       0x00000217   Thumb Code     0  __scatter.o(!!!scatter)
    __scatterload_copy                       0x0000023d   Thumb Code    26  __scatter_copy.o(!!handler_copy)
    __scatterload_zeroinit                   0x00000259   Thumb Code    28  __scatter_zi.o(!!handler_zi)
    __rt_lib_init                            0x00000275   Thumb Code     0  libinit.o(.ARM.Collect$$libinit$$00000000)
    __rt_lib_init_fp_1                       0x00000277   Thumb Code     0  libinit2.o(.ARM.Collect$$libinit$$00000001)
    __rt_lib_init_alloca_1                   0x0000027b   Thumb Code     0  libinit2.o(.ARM.Collect$$libinit$$0000002E)
    __rt_lib_init_argv_1                     0x0000027b   Thumb Code     0  libinit2.o(.ARM.Collect$$libinit$$0000002C)
    __rt_lib_init_atexit_1                   0x0000027b   Thumb Code     0  libinit2.o(.ARM.Collect$$libinit$$0000001B)
    __rt_lib_init_clock_1                    0x0000027b   Thumb Code     0  libinit2.o(.ARM.Collect$$libinit$$00000021)
    __rt_lib_init_cpp_1                      0x0000027b   Thumb Code     0  libinit2.o(.ARM.Collect$$libinit$$00000032)
    __rt_lib_init_exceptions_1               0x0000027b   Thumb Code     0  libinit2.o(.ARM.Collect$$libinit$$00000030)
    __rt_lib_init_fp_trap_1                  0x0000027b   Thumb Code     0  libinit2.o(.ARM.Collect$$libinit$$0000001F)
    __rt_lib_init_getenv_1                   0x0000027b   Thumb Code     0  libinit2.o(.ARM.Collect$$libinit$$00000023)
    __rt_lib_init_heap_1                     0x0000027b   Thumb Code     0  libinit2.o(.ARM.Collect$$libinit$$0000000A)
    __rt_lib_init_lc_collate_1               0x0000027b   Thumb Code     0  libinit2.o(.ARM.Collect$$libinit$$00000011)
    __rt_lib_init_lc_ctype_1                 0x0000027b   Thumb Code     0  libinit2.o(.ARM.Collect$$libinit$$00000013)
    __rt_lib_init_lc_monetary_1              0x0000027b   Thumb Code     0  libinit2.o(.ARM.Collect$$libinit$$00000015)
    __rt_lib_init_lc_numeric_1               0x0000027b   Thumb Code     0  libinit2.o(.ARM.Collect$$libinit$$00000017)
    __rt_lib_init_lc_time_1                  0x0000027b   Thumb Code     0  libinit2.o(.ARM.Collect$$libinit$$00000019)
    __rt_lib_init_preinit_1                  0x0000027b   Thumb Code     0  libinit2.o(.ARM.Collect$$libinit$$00000004)
    __rt_lib_init_rand_1                     0x0000027b   Thumb Code     0  libinit2.o(.ARM.Collect$$libinit$$0000000E)
    __rt_lib_init_return                     0x0000027b   Thumb Code     0  libinit2.o(.ARM.Collect$$libinit$$00000033)
    __rt_lib_init_signal_1                   0x0000027b   Thumb Code     0  libinit2.o(.ARM.Collect$$libinit$$0000001D)
    __rt_lib_init_stdio_1                    0x0000027b   Thumb Code     0  libinit2.o(.ARM.Collect$$libinit$$00000025)
    __rt_lib_init_user_alloc_1               0x0000027b   Thumb Code     0  libinit2.o(.ARM.Collect$$libinit$$0000000C)
    __rt_lib_shutdown                        0x0000027d   Thumb Code     0  libshutdown.o(.ARM.Collect$$libshutdown$$00000000)
    __rt_lib_shutdown_cpp_1                  0x0000027f   Thumb Code     0  libshutdown2.o(.ARM.Collect$$libshutdown$$00000002)
    __rt_lib_shutdown_fp_trap_1              0x0000027f   Thumb Code     0  libshutdown2.o(.ARM.Collect$$libshutdown$$00000007)
    __rt_lib_shutdown_heap_1                 0x0000027f   Thumb Code     0  libshutdown2.o(.ARM.Collect$$libshutdown$$0000000F)
    __rt_lib_shutdown_return                 0x0000027f   Thumb Code     0  libshutdown2.o(.ARM.Collect$$libshutdown$$00000010)
    __rt_lib_shutdown_signal_1               0x0000027f   Thumb Code     0  libshutdown2.o(.ARM.Collect$$libshutdown$$0000000A)
    __rt_lib_shutdown_stdio_1                0x0000027f   Thumb Code     0  libshutdown2.o(.ARM.Collect$$libshutdown$$00000004)
    __rt_lib_shutdown_user_alloc_1           0x0000027f   Thumb Code     0  libshutdown2.o(.ARM.Collect$$libshutdown$$0000000C)
    __rt_entry                               0x00000281   Thumb Code     0  __rtentry.o(.ARM.Collect$$rtentry$$00000000)
    __rt_entry_presh_1                       0x00000281   Thumb Code     0  __rtentry2.o(.ARM.Collect$$rtentry$$00000002)
    __rt_entry_sh                            0x00000281   Thumb Code     0  __rtentry4.o(.ARM.Collect$$rtentry$$00000004)
    __rt_entry_li                            0x00000287   Thumb Code     0  __rtentry2.o(.ARM.Collect$$rtentry$$0000000A)
    __rt_entry_postsh_1                      0x00000287   Thumb Code     0  __rtentry2.o(.ARM.Collect$$rtentry$$00000009)
    __rt_entry_main                          0x0000028b   Thumb Code     0  __rtentry2.o(.ARM.Collect$$rtentry$$0000000D)
    __rt_entry_postli_1                      0x0000028b   Thumb Code     0  __rtentry2.o(.ARM.Collect$$rtentry$$0000000C)
    __rt_exit                                0x00000293   Thumb Code     0  rtexit.o(.ARM.Collect$$rtexit$$00000000)
    __rt_exit_ls                             0x00000295   Thumb Code     0  rtexit2.o(.ARM.Collect$$rtexit$$00000003)
    __rt_exit_prels_1                        0x00000295   Thumb Code     0  rtexit2.o(.ARM.Collect$$rtexit$$00000002)
    __rt_exit_exit                           0x00000299   Thumb Code     0  rtexit2.o(.ARM.Collect$$rtexit$$00000004)
    Reset_Handler                            0x000002a1   Thumb Code     8  arm_startup_nrf52.o(.text)
    NMI_Handler                              0x000002a9   Thumb Code     2  arm_startup_nrf52.o(.text)
    HardFault_Handler                        0x000002ab   Thumb Code     2  arm_startup_nrf52.o(.text)
    MemoryManagement_Handler                 0x000002ad   Thumb Code     2  arm_startup_nrf52.o(.text)
    BusFault_Handler                         0x000002af   Thumb Code     2  arm_startup_nrf52.o(.text)
    UsageFault_Handler                       0x000002b1   Thumb Code     2  arm_startup_nrf52.o(.text)
    SVC_Handler                              0x000002b3   Thumb Code     2  arm_startup_nrf52.o(.text)
    DebugMon_Handler                         0x000002b5   Thumb Code     2  arm_startup_nrf52.o(.text)
    PendSV_Handler                           0x000002b7   Thumb Code     2  arm_startup_nrf52.o(.text)
    SysTick_Handler                          0x000002b9   Thumb Code     2  arm_startup_nrf52.o(.text)
    CCM_AAR_IRQHandler                       0x000002bb   Thumb Code     0  arm_startup_nrf52.o(.text)
    COMP_LPCOMP_IRQHandler                   0x000002bb   Thumb Code     0  arm_startup_nrf52.o(.text)
    ECB_IRQHandler                           0x000002bb   Thumb Code     0  arm_startup_nrf52.o(.text)
    FPU_IRQHandler                           0x000002bb   Thumb Code     0  arm_startup_nrf52.o(.text)
    GPIOTE_IRQHandler                        0x000002bb   Thumb Code     0  arm_startup_nrf52.o(.text)
    I2S_IRQHandler                           0x000002bb   Thumb Code     0  arm_startup_nrf52.o(.text)
    MWU_IRQHandler                           0x000002bb   Thumb Code     0  arm_startup_nrf52.o(.text)
    NFCT_IRQHandler                          0x000002bb   Thumb Code     0  arm_startup_nrf52.o(.text)
    PDM_IRQHandler                           0x000002bb   Thumb Code     0  arm_startup_nrf52.o(.text)
    POWER_CLOCK_IRQHandler                   0x000002bb   Thumb Code     0  arm_startup_nrf52.o(.text)
    PWM0_IRQHandler                          0x000002bb   Thumb Code     0  arm_startup_nrf52.o(.text)
    PWM1_IRQHandler                          0x000002bb   Thumb Code     0  arm_startup_nrf52.o(.text)
    PWM2_IRQHandler                          0x000002bb   Thumb Code     0  arm_startup_nrf52.o(.text)
    QDEC_IRQHandler                          0x000002bb   Thumb Code     0  arm_startup_nrf52.o(.text)
    RADIO_IRQHandler                         0x000002bb   Thumb Code     0  arm_startup_nrf52.o(.text)
    RNG_IRQHandler                           0x000002bb   Thumb Code     0  arm_startup_nrf52.o(.text)
    RTC0_IRQHandler                          0x000002bb   Thumb Code     0  arm_startup_nrf52.o(.text)
    RTC1_IRQHandler                          0x000002bb   Thumb Code     0  arm_startup_nrf52.o(.text)
    RTC2_IRQHandler                          0x000002bb   Thumb Code     0  arm_startup_nrf52.o(.text)
    SAADC_IRQHandler                         0x000002bb   Thumb Code     0  arm_startup_nrf52.o(.text)
    SPIM0_SPIS0_TWIM0_TWIS0_SPI0_TWI0_IRQHandler 0x000002bb   Thumb Code     0  arm_startup_nrf52.o(.text)
    SPIM1_SPIS1_TWIM1_TWIS1_SPI1_TWI1_IRQHandler 0x000002bb   Thumb Code     0  arm_startup_nrf52.o(.text)
    SPIM2_SPIS2_SPI2_IRQHandler              0x000002bb   Thumb Code     0  arm_startup_nrf52.o(.text)
    SWI0_EGU0_IRQHandler                     0x000002bb   Thumb Code     0  arm_startup_nrf52.o(.text)
    SWI1_EGU1_IRQHandler                     0x000002bb   Thumb Code     0  arm_startup_nrf52.o(.text)
    SWI2_EGU2_IRQHandler                     0x000002bb   Thumb Code     0  arm_startup_nrf52.o(.text)
    SWI3_EGU3_IRQHandler                     0x000002bb   Thumb Code     0  arm_startup_nrf52.o(.text)
    SWI4_EGU4_IRQHandler                     0x000002bb   Thumb Code     0  arm_startup_nrf52.o(.text)
    SWI5_EGU5_IRQHandler                     0x000002bb   Thumb Code     0  arm_startup_nrf52.o(.text)
    TEMP_IRQHandler                          0x000002bb   Thumb Code     0  arm_startup_nrf52.o(.text)
    TIMER0_IRQHandler                        0x000002bb   Thumb Code     0  arm_startup_nrf52.o(.text)
    TIMER1_IRQHandler                        0x000002bb   Thumb Code     0  arm_startup_nrf52.o(.text)
    TIMER2_IRQHandler                        0x000002bb   Thumb Code     0  arm_startup_nrf52.o(.text)
    TIMER3_IRQHandler                        0x000002bb   Thumb Code     0  arm_startup_nrf52.o(.text)
    TIMER4_IRQHandler                        0x000002bb   Thumb Code     0  arm_startup_nrf52.o(.text)
    UARTE0_UART0_IRQHandler                  0x000002bb   Thumb Code     0  arm_startup_nrf52.o(.text)
    WDT_IRQHandler                           0x000002bb   Thumb Code     0  arm_startup_nrf52.o(.text)
    __user_initial_stackheap                 0x000002bd   Thumb Code    10  arm_startup_nrf52.o(.text)
    __aeabi_memcpy                           0x000002e1   Thumb Code     0  rt_memcpy_v6.o(.text)
    __rt_memcpy                              0x000002e1   Thumb Code   138  rt_memcpy_v6.o(.text)
    _memcpy_lastbytes                        0x00000347   Thumb Code     0  rt_memcpy_v6.o(.text)
    __use_two_region_memory                  0x0000036b   Thumb Code     2  heapauxi.o(.text)
    __rt_heap_escrow                         0x0000036d   Thumb Code     2  heapauxi.o(.text)
    __rt_heap_expand                         0x0000036f   Thumb Code     2  heapauxi.o(.text)
    __aeabi_memcpy4                          0x00000371   Thumb Code     0  rt_memcpy_w.o(.text)
    __aeabi_memcpy8                          0x00000371   Thumb Code     0  rt_memcpy_w.o(.text)
    __rt_memcpy_w                            0x00000371   Thumb Code   100  rt_memcpy_w.o(.text)
    _memcpy_lastbytes_aligned                0x000003b9   Thumb Code     0  rt_memcpy_w.o(.text)
    __user_libspace                          0x000003d5   Thumb Code     8  libspace.o(.text)
    __user_perproc_libspace                  0x000003d5   Thumb Code     0  libspace.o(.text)
    __user_perthread_libspace                0x000003d5   Thumb Code     0  libspace.o(.text)
    __I$use$semihosting                      0x000003dd   Thumb Code     0  use_no_semi.o(.text)
    __use_no_semihosting_swi                 0x000003dd   Thumb Code     2  use_no_semi.o(.text)
    __semihosting_library_function           0x000003df   Thumb Code     0  indicate_semi.o(.text)
    __user_setup_stackheap                   0x000003df   Thumb Code    74  sys_stackheap_outer.o(.text)
    exit                                     0x00000429   Thumb Code    18  exit.o(.text)
    _sys_exit                                0x0000043d   Thumb Code     8  sys_exit.o(.text)
    MslCarcmd                                0x00000449   Thumb Code    54  handlecar.o(i.MslCarcmd)
    MslPeriodTask                            0x00000481   Thumb Code    90  handlecar.o(i.MslPeriodTask)
    MslUartRx                                0x000004e5   Thumb Code     6  handlecar.o(i.MslUartRx)
    MslUartSendState                         0x000004ed   Thumb Code    12  handlecar.o(i.MslUartSendState)
    MslUartTx                                0x000004fd   Thumb Code     2  handlecar.o(i.MslUartTx)
    SystemCoreClockUpdate                    0x00000501   Thumb Code     8  system_nrf52.o(i.SystemCoreClockUpdate)
    SystemInit                               0x00000511   Thumb Code   440  system_nrf52.o(i.SystemInit)
    main                                     0x000009b1   Thumb Code    16  main.o(i.main)
    _fp_init                                 0x000009c1   Thumb Code    10  fpinit.o(x$fpl$fpinit)
    __fplib_config_fpu_vfp                   0x000009c9   Thumb Code     0  fpinit.o(x$fpl$fpinit)
    __fplib_config_pureend_doubles           0x000009c9   Thumb Code     0  fpinit.o(x$fpl$fpinit)
    Region$$Table$$Base                      0x000009cc   Number         0  anon$$obj.o(Region$$Table)
    Region$$Table$$Limit                     0x000009ec   Number         0  anon$$obj.o(Region$$Table)
    SystemCoreClock                          0x20000000   Data           4  system_nrf52.o(.data)
    gData                                    0x20000004   Data         100  handlecar.o(.bss)
    gFrame                                   0x20000068   Data         105  handlecar.o(.bss)
    gUartRxData                              0x200000d1   Data         200  handlecar.o(.bss)
    gUartTxData                              0x20000199   Data         200  handlecar.o(.bss)
    gsCarStatus                              0x20000261   Data          23  handlecar.o(.bss)
    gRxData                                  0x20000278   Data          32  handlecar.o(.bss)
    __libspace_start                         0x20000298   Data          96  libspace.o(.bss)
    __temporary_stack_top$libspace           0x200002f8   Data           0  libspace.o(.bss)



==============================================================================

Memory Map of the image

  Image Entry point : 0x00000201

  Load Region LR_IROM1 (Base: 0x00000000, Size: 0x000009f0, Max: 0x00080000, ABSOLUTE)

    Execution Region ER_IROM1 (Exec base: 0x00000000, Load base: 0x00000000, Size: 0x000009ec, Max: 0x00080000, ABSOLUTE)

    Exec Addr    Load Addr    Size         Type   Attr      Idx    E Section Name        Object

    0x00000000   0x00000000   0x00000200   Data   RO          247    RESET               arm_startup_nrf52.o
    0x00000200   0x00000200   0x00000008   Code   RO          446  * !!!main             c_w.l(__main.o)
    0x00000208   0x00000208   0x00000034   Code   RO          655    !!!scatter          c_w.l(__scatter.o)
    0x0000023c   0x0000023c   0x0000001a   Code   RO          657    !!handler_copy      c_w.l(__scatter_copy.o)
    0x00000256   0x00000256   0x00000002   PAD
    0x00000258   0x00000258   0x0000001c   Code   RO          659    !!handler_zi        c_w.l(__scatter_zi.o)
    0x00000274   0x00000274   0x00000002   Code   RO          594    .ARM.Collect$$libinit$$00000000  c_w.l(libinit.o)
    0x00000276   0x00000276   0x00000004   Code   RO          486    .ARM.Collect$$libinit$$00000001  c_w.l(libinit2.o)
    0x0000027a   0x0000027a   0x00000000   Code   RO          489    .ARM.Collect$$libinit$$00000004  c_w.l(libinit2.o)
    0x0000027a   0x0000027a   0x00000000   Code   RO          492    .ARM.Collect$$libinit$$0000000A  c_w.l(libinit2.o)
    0x0000027a   0x0000027a   0x00000000   Code   RO          494    .ARM.Collect$$libinit$$0000000C  c_w.l(libinit2.o)
    0x0000027a   0x0000027a   0x00000000   Code   RO          496    .ARM.Collect$$libinit$$0000000E  c_w.l(libinit2.o)
    0x0000027a   0x0000027a   0x00000000   Code   RO          499    .ARM.Collect$$libinit$$00000011  c_w.l(libinit2.o)
    0x0000027a   0x0000027a   0x00000000   Code   RO          501    .ARM.Collect$$libinit$$00000013  c_w.l(libinit2.o)
    0x0000027a   0x0000027a   0x00000000   Code   RO          503    .ARM.Collect$$libinit$$00000015  c_w.l(libinit2.o)
    0x0000027a   0x0000027a   0x00000000   Code   RO          505    .ARM.Collect$$libinit$$00000017  c_w.l(libinit2.o)
    0x0000027a   0x0000027a   0x00000000   Code   RO          507    .ARM.Collect$$libinit$$00000019  c_w.l(libinit2.o)
    0x0000027a   0x0000027a   0x00000000   Code   RO          509    .ARM.Collect$$libinit$$0000001B  c_w.l(libinit2.o)
    0x0000027a   0x0000027a   0x00000000   Code   RO          511    .ARM.Collect$$libinit$$0000001D  c_w.l(libinit2.o)
    0x0000027a   0x0000027a   0x00000000   Code   RO          513    .ARM.Collect$$libinit$$0000001F  c_w.l(libinit2.o)
    0x0000027a   0x0000027a   0x00000000   Code   RO          515    .ARM.Collect$$libinit$$00000021  c_w.l(libinit2.o)
    0x0000027a   0x0000027a   0x00000000   Code   RO          517    .ARM.Collect$$libinit$$00000023  c_w.l(libinit2.o)
    0x0000027a   0x0000027a   0x00000000   Code   RO          519    .ARM.Collect$$libinit$$00000025  c_w.l(libinit2.o)
    0x0000027a   0x0000027a   0x00000000   Code   RO          523    .ARM.Collect$$libinit$$0000002C  c_w.l(libinit2.o)
    0x0000027a   0x0000027a   0x00000000   Code   RO          525    .ARM.Collect$$libinit$$0000002E  c_w.l(libinit2.o)
    0x0000027a   0x0000027a   0x00000000   Code   RO          527    .ARM.Collect$$libinit$$00000030  c_w.l(libinit2.o)
    0x0000027a   0x0000027a   0x00000000   Code   RO          529    .ARM.Collect$$libinit$$00000032  c_w.l(libinit2.o)
    0x0000027a   0x0000027a   0x00000002   Code   RO          530    .ARM.Collect$$libinit$$00000033  c_w.l(libinit2.o)
    0x0000027c   0x0000027c   0x00000002   Code   RO          652    .ARM.Collect$$libshutdown$$00000000  c_w.l(libshutdown.o)
    0x0000027e   0x0000027e   0x00000000   Code   RO          608    .ARM.Collect$$libshutdown$$00000002  c_w.l(libshutdown2.o)
    0x0000027e   0x0000027e   0x00000000   Code   RO          610    .ARM.Collect$$libshutdown$$00000004  c_w.l(libshutdown2.o)
    0x0000027e   0x0000027e   0x00000000   Code   RO          613    .ARM.Collect$$libshutdown$$00000007  c_w.l(libshutdown2.o)
    0x0000027e   0x0000027e   0x00000000   Code   RO          616    .ARM.Collect$$libshutdown$$0000000A  c_w.l(libshutdown2.o)
    0x0000027e   0x0000027e   0x00000000   Code   RO          618    .ARM.Collect$$libshutdown$$0000000C  c_w.l(libshutdown2.o)
    0x0000027e   0x0000027e   0x00000000   Code   RO          621    .ARM.Collect$$libshutdown$$0000000F  c_w.l(libshutdown2.o)
    0x0000027e   0x0000027e   0x00000002   Code   RO          622    .ARM.Collect$$libshutdown$$00000010  c_w.l(libshutdown2.o)
    0x00000280   0x00000280   0x00000000   Code   RO          450    .ARM.Collect$$rtentry$$00000000  c_w.l(__rtentry.o)
    0x00000280   0x00000280   0x00000000   Code   RO          537    .ARM.Collect$$rtentry$$00000002  c_w.l(__rtentry2.o)
    0x00000280   0x00000280   0x00000006   Code   RO          549    .ARM.Collect$$rtentry$$00000004  c_w.l(__rtentry4.o)
    0x00000286   0x00000286   0x00000000   Code   RO          539    .ARM.Collect$$rtentry$$00000009  c_w.l(__rtentry2.o)
    0x00000286   0x00000286   0x00000004   Code   RO          540    .ARM.Collect$$rtentry$$0000000A  c_w.l(__rtentry2.o)
    0x0000028a   0x0000028a   0x00000000   Code   RO          542    .ARM.Collect$$rtentry$$0000000C  c_w.l(__rtentry2.o)
    0x0000028a   0x0000028a   0x00000008   Code   RO          543    .ARM.Collect$$rtentry$$0000000D  c_w.l(__rtentry2.o)
    0x00000292   0x00000292   0x00000002   Code   RO          597    .ARM.Collect$$rtexit$$00000000  c_w.l(rtexit.o)
    0x00000294   0x00000294   0x00000000   Code   RO          626    .ARM.Collect$$rtexit$$00000002  c_w.l(rtexit2.o)
    0x00000294   0x00000294   0x00000004   Code   RO          627    .ARM.Collect$$rtexit$$00000003  c_w.l(rtexit2.o)
    0x00000298   0x00000298   0x00000006   Code   RO          628    .ARM.Collect$$rtexit$$00000004  c_w.l(rtexit2.o)
    0x0000029e   0x0000029e   0x00000002   PAD
    0x000002a0   0x000002a0   0x00000040   Code   RO          248    .text               arm_startup_nrf52.o
    0x000002e0   0x000002e0   0x0000008a   Code   RO          442    .text               c_w.l(rt_memcpy_v6.o)
    0x0000036a   0x0000036a   0x00000006   Code   RO          444    .text               c_w.l(heapauxi.o)
    0x00000370   0x00000370   0x00000064   Code   RO          482    .text               c_w.l(rt_memcpy_w.o)
    0x000003d4   0x000003d4   0x00000008   Code   RO          533    .text               c_w.l(libspace.o)
    0x000003dc   0x000003dc   0x00000002   Code   RO          570    .text               c_w.l(use_no_semi.o)
    0x000003de   0x000003de   0x00000000   Code   RO          572    .text               c_w.l(indicate_semi.o)
    0x000003de   0x000003de   0x0000004a   Code   RO          573    .text               c_w.l(sys_stackheap_outer.o)
    0x00000428   0x00000428   0x00000012   Code   RO          579    .text               c_w.l(exit.o)
    0x0000043a   0x0000043a   0x00000002   PAD
    0x0000043c   0x0000043c   0x0000000c   Code   RO          595    .text               c_w.l(sys_exit.o)
    0x00000448   0x00000448   0x00000036   Code   RO            3    i.MslCarcmd         handlecar.o
    0x0000047e   0x0000047e   0x00000002   PAD
    0x00000480   0x00000480   0x00000064   Code   RO           31    i.MslPeriodTask     handlecar.o
    0x000004e4   0x000004e4   0x00000006   Code   RO           32    i.MslUartRx         handlecar.o
    0x000004ea   0x000004ea   0x00000002   PAD
    0x000004ec   0x000004ec   0x00000010   Code   RO           33    i.MslUartSendState  handlecar.o
    0x000004fc   0x000004fc   0x00000002   Code   RO           34    i.MslUartTx         handlecar.o
    0x000004fe   0x000004fe   0x00000002   PAD
    0x00000500   0x00000500   0x00000010   Code   RO          256    i.SystemCoreClockUpdate  system_nrf52.o
    0x00000510   0x00000510   0x000001ec   Code   RO          257    i.SystemInit        system_nrf52.o
    0x000006fc   0x000006fc   0x00000054   Code   RO          258    i.errata_108        system_nrf52.o
    0x00000750   0x00000750   0x00000054   Code   RO          259    i.errata_12         system_nrf52.o
    0x000007a4   0x000007a4   0x00000054   Code   RO          260    i.errata_136        system_nrf52.o
    0x000007f8   0x000007f8   0x00000030   Code   RO          261    i.errata_16         system_nrf52.o
    0x00000828   0x00000828   0x00000020   Code   RO          262    i.errata_182        system_nrf52.o
    0x00000848   0x00000848   0x00000054   Code   RO          263    i.errata_31         system_nrf52.o
    0x0000089c   0x0000089c   0x00000030   Code   RO          264    i.errata_32         system_nrf52.o
    0x000008cc   0x000008cc   0x00000054   Code   RO          265    i.errata_36         system_nrf52.o
    0x00000920   0x00000920   0x00000030   Code   RO          266    i.errata_37         system_nrf52.o
    0x00000950   0x00000950   0x00000030   Code   RO          267    i.errata_57         system_nrf52.o
    0x00000980   0x00000980   0x00000030   Code   RO          268    i.errata_66         system_nrf52.o
    0x000009b0   0x000009b0   0x00000010   Code   RO          232    i.main              main.o
    0x000009c0   0x000009c0   0x0000000a   Code   RO          568    x$fpl$fpinit        fz_wm.l(fpinit.o)
    0x000009ca   0x000009ca   0x00000002   PAD
    0x000009cc   0x000009cc   0x00000020   Data   RO          653    Region$$Table       anon$$obj.o


    Execution Region RW_IRAM1 (Exec base: 0x20000000, Load base: 0x000009ec, Size: 0x000042f8, Max: 0x00010000, ABSOLUTE)

    Exec Addr    Load Addr    Size         Type   Attr      Idx    E Section Name        Object

    0x20000000   0x000009ec   0x00000004   Data   RW          269    .data               system_nrf52.o
    0x20000004        -       0x00000294   Zero   RW           36    .bss                handlecar.o
    0x20000298        -       0x00000060   Zero   RW          534    .bss                c_w.l(libspace.o)
    0x200002f8        -       0x00002000   Zero   RW          246    HEAP                arm_startup_nrf52.o
    0x200022f8        -       0x00002000   Zero   RW          245    STACK               arm_startup_nrf52.o


==============================================================================

Image component sizes


      Code (inc. data)   RO Data    RW Data    ZI Data      Debug   Object Name

        64         26        512          0      16384        956   arm_startup_nrf52.o
       178         14          0          0        660       8059   handlecar.o
        16          0          0          0          0        467   main.o
      1200        126          0          4          0      10587   system_nrf52.o

    ----------------------------------------------------------------------
      1464        166        544          4      17044      20069   Object Totals
         0          0         32          0          0          0   (incl. Generated)
         6          0          0          0          0          0   (incl. Padding)

    ----------------------------------------------------------------------

      Code (inc. data)   RO Data    RW Data    ZI Data      Debug   Library Member Name

         8          0          0          0          0         68   __main.o
         0          0          0          0          0          0   __rtentry.o
        12          0          0          0          0          0   __rtentry2.o
         6          0          0          0          0          0   __rtentry4.o
        52          8          0          0          0          0   __scatter.o
        26          0          0          0          0          0   __scatter_copy.o
        28          0          0          0          0          0   __scatter_zi.o
        18          0          0          0          0         80   exit.o
         6          0          0          0          0        152   heapauxi.o
         0          0          0          0          0          0   indicate_semi.o
         2          0          0          0          0          0   libinit.o
         6          0          0          0          0          0   libinit2.o
         2          0          0          0          0          0   libshutdown.o
         2          0          0          0          0          0   libshutdown2.o
         8          4          0          0         96         68   libspace.o
       138          0          0          0          0         68   rt_memcpy_v6.o
       100          0          0          0          0         80   rt_memcpy_w.o
         2          0          0          0          0          0   rtexit.o
        10          0          0          0          0          0   rtexit2.o
        12          4          0          0          0         68   sys_exit.o
        74          0          0          0          0         80   sys_stackheap_outer.o
         2          0          0          0          0         68   use_no_semi.o
        10          0          0          0          0        116   fpinit.o

    ----------------------------------------------------------------------
       532         16          0          0         96        848   Library Totals
         8          0          0          0          0          0   (incl. Padding)

    ----------------------------------------------------------------------

      Code (inc. data)   RO Data    RW Data    ZI Data      Debug   Library Name

       514         16          0          0         96        732   c_w.l
        10          0          0          0          0        116   fz_wm.l

    ----------------------------------------------------------------------
       532         16          0          0         96        848   Library Totals

    ----------------------------------------------------------------------

==============================================================================


      Code (inc. data)   RO Data    RW Data    ZI Data      Debug   

      1996        182        544          4      17140      19157   Grand Totals
      1996        182        544          4      17140      19157   ELF Image Totals
      1996        182        544          4          0          0   ROM Totals

==============================================================================

    Total RO  Size (Code + RO Data)                 2540 (   2.48kB)
    Total RW  Size (RW Data + ZI Data)             17144 (  16.74kB)
    Total ROM Size (Code + RO Data + RW Data)       2544 (   2.48kB)

==============================================================================

